#-----------------------------------------------------------
# Vivado v2018.3 (64-bit)
# SW Build 2405991 on Thu Dec  6 23:38:27 MST 2018
# IP Build 2404404 on Fri Dec  7 01:43:56 MST 2018
# Start of session at: Mon Feb 21 17:59:24 2022
# Process ID: 22752
# Current directory: C:/Users/Dell/OneDrive/Desktop/m_p_AES/m_p_project_1
# Command line: vivado.exe -gui_launcher_event rodinguilauncherevent23884 C:\Users\Dell\OneDrive\Desktop\m_p_AES\m_p_project_1\m_p_project_1.xpr
# Log file: C:/Users/Dell/OneDrive/Desktop/m_p_AES/m_p_project_1/vivado.log
# Journal file: C:/Users/Dell/OneDrive/Desktop/m_p_AES/m_p_project_1\vivado.jou
#-----------------------------------------------------------
start_gui
open_project C:/Users/Dell/OneDrive/Desktop/m_p_AES/m_p_project_1/m_p_project_1.xpr
update_compile_order -fileset sources_1
launch_simulation
open_wave_config C:/Users/Dell/OneDrive/Desktop/m_p_AES/m_p_project_1/AEStest_behav.wcfg
source AEStest.tcl
close_sim
launch_simulation
open_wave_config C:/Users/Dell/OneDrive/Desktop/m_p_AES/m_p_project_1/AEStest_behav.wcfg
source AEStest.tcl
save_wave_config {C:/Users/Dell/OneDrive/Desktop/m_p_AES/m_p_project_1/AEStest_behav.wcfg}
reset_run synth_1
launch_runs synth_1 -jobs 6
wait_on_run synth_1
launch_runs impl_1 -jobs 6
wait_on_run impl_1
open_run impl_1
set_property view.type table [get_dashboard_gadgets [list {utilization_1}]]
set_property view.type graph [get_dashboard_gadgets [list {utilization_1}]]
set_property view.type table [get_dashboard_gadgets [list {utilization_1}]]
set_property view.type table [get_dashboard_gadgets [list {power_1}]]
set_property view.type table [get_dashboard_gadgets [list {drc_1}]]
set_property view.type table [get_dashboard_gadgets [list {utilization_2}]]
set_property view.type graph [get_dashboard_gadgets [list {timing_1}]]
set_property view.type table [get_dashboard_gadgets [list {methodology_1}]]
set_property view.type graph [get_dashboard_gadgets [list {methodology_1}]]
set_property view.type table [get_dashboard_gadgets [list {methodology_1}]]
delete_dashboard_gadgets -gadgets {methodology_1}
delete_dashboard_gadgets -gadgets {timing_1}
move_dashboard_gadget -name {power_1} -row 2 -col 0
move_dashboard_gadget -name {utilization_2} -row 3 -col 0
close_design
synth_design -rtl -name rtl_1
write_schematic -format pdf -orientation landscape C:/Users/Dell/OneDrive/Desktop/m_p_AES/Report/schematic.pdf
report_methodology -name ultrafast_methodology_1 -checks {XDCH-2 XDCH-1 XDCC-8 XDCC-7 XDCC-6 XDCC-5 XDCC-4 XDCC-3 XDCC-2 XDCC-1 XDCB-5 XDCB-4 XDCB-3 XDCB-2 XDCB-1 CLKC-54 CLKC-53 CLKC-9 CLKC-5 CLKC-38 CLKC-37 CLKC-36 CLKC-35 CLKC-4 CLKC-18 CLKC-3 CLKC-2 CLKC-1 HPDR-1 RRRS-1 RROR-1 ROAS-1 RMOR-1 RMIR-1 RFTL-1 RFRC-1 RFRA-1 RFFI-1 RFFH-1 RFCF-1 RCCL-1 RCBG-1 RAMP-1 RAMF-1 RAMD-1 RAKN-1}
reset_run synth_1
launch_runs synth_1 -jobs 6
wait_on_run synth_1
close_design
open_run synth_1 -name synth_1
report_utilization -name utilization_1
close_sim
